---
source: crates/vize_atelier_dom/tests/dom_snapshot.rs
expression: "get_compiled(\"<div>hello</div>\")"
---
const { openBlock: _openBlock, createElementBlock: _createElementBlock } = Vue

function render(_ctx, _cache, $props, $setup, $data, $options) {
  return (_openBlock(), _createElementBlock("div", null, "hello"))
}
