---
source: crates/vize_atelier_sfc/src/snapshot_tests.rs
expression: ts_output
---
import { defineComponent } from 'vue'
import { openBlock as _openBlock, createElementBlock as _createElementBlock, toDisplayString as _toDisplayString } from "vue"


const _hoisted_1 = { class: "text", "data-v-a6e04d40": "" }
const msg = 'hello'

export default defineComponent({
  name: 'test',
  setup(__props) {


return (_ctx, _cache) => {
  return (_openBlock(), _createElementBlock("div", _hoisted_1, _toDisplayString(msg)))
}
}

})
