---
source: crates/vize_atelier_sfc/src/snapshot_tests.rs
expression: ts_output
---
import { defineComponent as _defineComponent } from 'vue'
import { Fragment as _Fragment, openBlock as _openBlock, createElementBlock as _createElementBlock, createElementVNode as _createElementVNode, toDisplayString as _toDisplayString } from "vue"

const count = 0

export default /*@__PURE__*/_defineComponent({
  __name: 'test',
  setup(__props) {


return (_ctx: any,_cache: any) => {
  return (_openBlock(), _createElementBlock(_Fragment, null, [ , _createElementVNode("span", null, _toDisplayString(count)) ], 64 /* STABLE_FRAGMENT */))
}
}

})
