---
source: crates/vize_atelier_sfc/src/snapshot_tests.rs
expression: ts_output
---
import { defineComponent } from 'vue'
import { openBlock as _openBlock, createBlock as _createBlock, createCommentVNode as _createCommentVNode, mergeProps as _mergeProps } from "vue"

import { ref, computed } from 'vue'
import Button from './Button.vue'

export default defineComponent({
  name: 'test',
  setup(__props) {

const isActive = ref(true)
const buttonProps = computed(() => ({ disabled: false, type: 'primary' }))

return (_ctx, _cache) => {
  return (isActive.value)
      ? (_openBlock(), _createBlock(Button, _mergeProps(buttonProps.value, { key: 0, onClick: _ctx.handleClick })))
      : _createCommentVNode("v-if", true)
}
}

})
