---
source: crates/vize_atelier_sfc/src/snapshot_tests.rs
expression: ts_output
---
import { defineComponent, PropType } from 'vue'
import { openBlock as _openBlock, createElementBlock as _createElementBlock, createCommentVNode as _createCommentVNode, toDisplayString as _toDisplayString } from "vue"


export default defineComponent({
  name: 'test',
  props: {
    item: { type: Object, required: true },
  },
  setup(__props) {

const props = __props

return (_ctx, _cache) => {
  return (__props.item.type === 'special')
      ? (_openBlock(), _createElementBlock("div", { key: 0 }, _toDisplayString(__props.item.value), 1 /* TEXT */))
      : _createCommentVNode("v-if", true)
}
}

})
